Log started at 17.12.2025	15:23:46
Number of used processors (NPROC): 4.
Number of mesh partitions (NPART): 4.
Total Physical Memory = 7.93 Gb, Available Physical Memory = 3.22 Gb
Computer name:	S040600T
Operating system:	Windows 10 (Version 10.0.19044)

Commandline:	"C:\Program Files\SOLIDWORKS Corp\SOLIDWORKS Flow Simulation\BINCFW\efdsolver.exe" /config:"C:\Users\sinohara\Desktop\lesson16\1\1.xmlconfig" /guid:89d5a6ff-6c6f-4460-8298-e1f7c955ba91 /processors:max /m /s /prjnamelm:"Flow Simulation 2023" /prjnamehabout:"Flow Simulation 2023" /companyname:"COSMOS Applications" /prjaliasid:1009 /lang:Japanese /port:64909

SOLIDWORKS 2023 SP5.0
Flow Simulation 2023  x64 / 6175

Project: C:\Users\sinohara\Desktop\lesson16\1\1.xmlconfig
Configuration name: ﾃﾞﾌｫﾙﾄ
Project name: lesson16
Problem type: external-type
Exclude cavities without flow conditions: ON
NGK: OFF
MBO: OFF
-----------------------------------------------------------------------
Mesher option run = eRunMesherNormal
-----------------------------------------------------------------------

Mesh generation started:	17.12.2025	15:23:46
-----------------------------------------------------------------------
Memory Working Set Current = 17.84 Mb, Memory Working Set Peak = 17.84 Mb
Memory Private Bytes Current = 18.92 Mb, Memory Private Bytes Peak = 18.92 Mb
Process Threads Number: 7
-----------------------------------------------------------------------
Mesher adjust APD = OFF; AdjustAPD_method=0; N_per_Channel = 0; N2_per_Channel = 0
Current CPU = 0 sec
-----------------------------------------------------------------------
Geometries initialization:
-----------------------------------------------------------------------
Loading mesh settings (global/local)...
-----------------------------------------------------------------------
Number of geometries from DB: 1
Geometry(0):
	Guid = {00000000-0000-0000-0000-000000000000}
	Fluid..
	1 Body.
	1 Real body.
	-- Bodyset 0 --
		Tolerance=0.001.
		6 Face(s).
			6 of b-spline type.
		0 Face(s) that have no ref faces
		6 Plane surface(s).
		12 Triangle(s).
		Getting triangle connectivities from DB: 0.000 s
		12 Edge(s).
			12 of b-spline type.
		BodyGeom reading: 0.005 s.
		12 Reference Triangles.
		Getting triangle connectivities from DB (Ref): 0.000 s
		BodyGeom Ref reading: 0.000 s.
Geometry(1):
	Solid.
	-- Bodyset 1 --
	Empty
-----------------------------------------------------------------------
Number of geometries in task: 2
	G : 0	Type: Fluid
	G : 1	Type: Solid
Number of bodysets   in task: 2
-----------------------------------------------------------------------
BodySet (0):
	Making hash and connectivity for Bodyset ...
		CBodyGeom:
		Hash size: {62, 26, 36}.
		Mesh size: {62, 26, 36}.
		Hashing triangles...Ok.
			axis(0) tr sizes: average=2 max=7
			axis(1) tr sizes: average=2 max=7
			axis(2) tr sizes: average=2 max=7
		Number of t-connected sets:1 (cavity=0)
		CBodyGeomRef:
		Hashing triangles...Ok.
			axis(0) tr sizes: average=2 max=7
			axis(1) tr sizes: average=2 max=7
			axis(2) tr sizes: average=2 max=7
	0.00259 s.
Geometries reading and preparing has taken 0.010 s.
-----------------------------------------------------------------------
Mapped triangles:
Hashing rough geometry(bodies) triangulation:
BodySet (0):
	Triangles num=12
	Triangles box={-1 ,1 ,-1 ,1 ,0 ,10}
		3d-hash size is 236176 bytes
BodySet (1):
no log info (empty stream)

Mapped triangles processed in 0.004 s.
-----------------------------------------------------------------------
-----------------------------------------------------------------------
Getting sectors:
Number of sectors: 0
-----------------------------------------------------------------------
-----------------------------------------------------------------------
Bodies:     2
Faces:      6
Edges:      12
Triangles:  12
-----------------------------------------------------------------------

Current CPU = 0 sec
-----------------------------------------------------------------------
Memory Working Set Current = 22.38 Mb, Memory Working Set Peak = 22.70 Mb
Memory Private Bytes Current = 22.52 Mb, Memory Private Bytes Peak = 22.52 Mb
Process Threads Number: 10
-----------------------------------------------------------------------
-----------------------------------------------------------------------
Checking faces on CD...
BodySet 0: [0 0 0 0 1 0]
FCD = [0 0 0 0 1 0]
FCD_conflicts = 0
Time (check faces on CD)=0.001 s
-----------------------------------------------------------------------

-----------------------------------------------------------------------
Mesh dimensions:
				I[0 ]=62
				I[1 ]=26
				I[2 ]=36

Comp. domain size:
				a[0  ]=-10
				a[1  ]=30
				a[2  ]=-5
				a[3  ]=5
				a[4  ]=0
				a[5  ]=15

Fluid calculated			1
Solid calculated			0
-----------------------------------------------------------------------
MESH Build started...
-----------------------------------------------------------------------
Mesh LEVEL = 1
-----------------------------------------------------------------------
-----------------------------------------------------------------------
CPT-mode xeps:
	D / dh / eps [axis=0] = (40, 0.174993, 0.000174993)
	D / dh / eps [axis=1] = (10, 0.161067, 0.000161067)
	D / dh / eps [axis=2] = (15, 0.188461, 0.000188461)
-----------------------------------------------------------------------
Initial allocation and brick-body-box intersection...OK (0.002 s)
Initial triangle brick intersection...OK (0.001 s)
Setting regions (58032 / 58032)...OK (0.001 s)
-----------------------------------------------------------------------
Base mesh info:
	3D task
	Nx=62
	Ny=26
	Nz=36
	N(Nx*Ny*Nz) = 1612
	Period    axis=[0, 0, 0]
	Symmetry  ni=[0 0 0 0 0 0]
	ZoomingBC ni=[0 0 0 0 0 0]
	Nx=62
		x[0]=-10
		x[1]=-9.20035
		x[2]=-8.44066
		x[3]=-7.71869
		x[4]=-7.03256
		x[5]=-6.3805
		x[6]=-5.76081
		x[7]=-5.1719
		x[8]=-4.61222
		x[9]=-4.08033
		x[10]=-3.57484
		x[11]=-3.09446
		x[12]=-2.63792
		x[13]=-2.20406
		x[14]=-1.79173
		x[15]=-1.39988
		x[16]=-1.04989
		x[17]=-0.69989
		x[18]=-0.34989
		x[19]=0.000109921
		x[20]=0.384736
		x[21]=0.769352
		x[22]=1.15397
		x[23]=1.53858
		x[24]=1.9232
		x[25]=2.30781
		x[26]=2.69243
		x[27]=3.07704
		x[28]=3.46166
		x[29]=3.84627
		x[30]=4.23089
		x[31]=4.61551
		x[32]=5.00012
		x[33]=5.37649
		x[34]=5.77169
		x[35]=6.18663
		x[36]=6.62232
		x[37]=7.07979
		x[38]=7.56013
		x[39]=8.06447
		x[40]=8.59403
		x[41]=9.15005
		x[42]=9.73387
		x[43]=10.3469
		x[44]=10.9905
		x[45]=11.6663
		x[46]=12.3759
		x[47]=13.121
		x[48]=13.9033
		x[49]=14.7247
		x[50]=15.5872
		x[51]=16.4928
		x[52]=17.4437
		x[53]=18.4421
		x[54]=19.4904
		x[55]=20.591
		x[56]=21.7468
		x[57]=22.9602
		x[58]=24.2344
		x[59]=25.5722
		x[60]=26.9769
		x[61]=28.4518
		x[62]=30
	Ny=26
		y[0]=-5
		y[1]=-4.50732
		y[2]=-4.03747
		y[3]=-3.58928
		y[4]=-3.16174
		y[5]=-2.75391
		y[6]=-2.36487
		y[7]=-1.99375
		y[8]=-1.63974
		y[9]=-1.30205
		y[10]=-0.979912
		y[11]=-0.653245
		y[12]=-0.326578
		y[13]=8.87731e-05
		y[14]=0.326755
		y[15]=0.653422
		y[16]=0.980089
		y[17]=1.30227
		y[18]=1.64001
		y[19]=1.99406
		y[20]=2.3652
		y[21]=2.75426
		y[22]=3.1621
		y[23]=3.58964
		y[24]=4.03782
		y[25]=4.50763
		y[26]=5
	Nz=36
		z[0]=0
		z[1]=0.384704
		z[2]=0.769319
		z[3]=1.15393
		z[4]=1.53855
		z[5]=1.92317
		z[6]=2.30778
		z[7]=2.6924
		z[8]=3.07701
		z[9]=3.46163
		z[10]=3.84624
		z[11]=4.23086
		z[12]=4.61547
		z[13]=5.00009
		z[14]=5.37701
		z[15]=5.75393
		z[16]=6.13086
		z[17]=6.50778
		z[18]=6.8847
		z[19]=7.26163
		z[20]=7.63855
		z[21]=8.01547
		z[22]=8.39239
		z[23]=8.76932
		z[24]=9.14624
		z[25]=9.52316
		z[26]=9.90009
		z[27]=10.3009
		z[28]=10.7228
		z[29]=11.1668
		z[30]=11.6341
		z[31]=12.1259
		z[32]=12.6436
		z[33]=13.1883
		z[34]=13.7617
		z[35]=14.3651
		z[36]=15
-----------------------------------------------------------------------
Input_mesh_settings--------------------------------
Settings 0----------------
	Scope: GLOBAL
	Type:	------MESHER_SETTINGS----------
	RefAllCells           =0
	RefFluidCells         =0
	RefPartCells          =0
	RefSolidCells         =0
	l_SSFR(Capture crit)  =1
	l_curv(Curvature crit)=0
	l_tol(Tolerance crit) =0
	UseChannelRef         =1
	  NCR_method          =0
	  l_NCR               =1
	  N_gap               =5
	  Use d_NCR_min       =0
	  Use d_NCR_max       =0
	CloseThinSlotsHeight         =0
	--END_OF_MESHER_SETTINGS-------
End of input mesh settings-------------------------
-----------------------------------------------------------------------
Memory Working Set Current = 36.56 Mb, Memory Working Set Peak = 36.57 Mb
Memory Private Bytes Current = 38.15 Mb, Memory Private Bytes Peak = 38.15 Mb
Process Threads Number: 10
-----------------------------------------------------------------------
MMP (msh): locals=1, allc_sz=7.82 MB, used_sz=7.09 MB, blks-min-max=26/26
MMP (brx): locals=4, allc_sz=7.57 MB, used_sz=6.65 MB, blks-min-max=16/19
MMP (bcf): locals=0, allc_sz=0.00 MB, used_sz=0.00 MB, blks-min-max=0/0
MMP (xsl): locals=0, allc_sz=0.00 MB, used_sz=0.00 MB, blks-min-max=0/0
NxNyNz = [62, 26, 36]
base_dx=0.482148; 
NxNyNz_reverse = [83, 21, 31]

-----------------------------------------------------------------------
Refining geometries:
-----------------------------------------------------------------------

-----------------------------------------------------------------------
Refining by triangulation...
Refinement input: 58032 bricks
	Checking crit (58032 / 58032)...0 marked (0.005 s)
Refinement result (0 iterations): 58032 bricks (0.005 s)
Refinement input: 58032 bricks
	Checking crit (58032 / 58032)...0 marked (0.006 s)
Refinement result (0 iterations): 58032 bricks (0.007 s)
Collecting and processing rays:
	Adding rays...OK (0.039 s)
	new bricks = 58032 / 58032
	new rays   = 5031 (x=999, y=2331, z=1701)
	Processing rays...
		Rays process:  0.001 (0.001) s
		Sort xstacks:  0.000 (0.000) s
		Put xstacks:   0.000 (0.000) s
		Total:         0.002 s
	Correcting rays...
		Lame vertices: 0.010 (0.010) s
		Bad rays:      0.000 (0.000) s
		Emit rays:     0.000 (0.000) s
		Correct ray f: 0.000 (0.000) s
		Undef:         0.000 (0.000) s
		Sum:           0.010 (0.010) s
		Total:         0.011 s
	Time (rays): 0.065 s
Capturing (58032 / 58032)...OK (0.008 s)
Refining by triangulation takes 0.087 s
-----------------------------------------------------------------------

-----------------------------------------------------------------------
Refining peculiar surfaces...
Collecting and processing rays:
	Adding rays...OK (0.008 s)
	new bricks = 0 / 58032
	new rays   = 0 (x=0, y=0, z=0)
	Processing rays...
		Rays process:  0.000 (0.000) s
		Sort xstacks:  0.000 (0.000) s
		Put xstacks:   0.000 (0.000) s
		Total:         0.000 s
	Correcting rays...
		Total:         0.000 s
	Time (rays): 0.020 s
Capturing (0 / 58032)...OK (0.002 s)
0 surfaces refined
Refining peculiar surfaces takes 0.023 s
-----------------------------------------------------------------------

-----------------------------------------------------------------------
Base mesh 1 Refining...
Collecting and processing rays:
	Adding rays...OK (0.002 s)
	new bricks = 0 / 58032
	new rays   = 0 (x=0, y=0, z=0)
	Processing rays...
		Rays process:  0.000 (0.000) s
		Sort xstacks:  0.000 (0.000) s
		Put xstacks:   0.000 (0.000) s
		Total:         0.000 s
	Correcting rays...
		Total:         0.000 s
	Time (rays): 0.013 s
Capturing (0 / 58032)...OK (0.002 s)
Refinement input: 58032 bricks
	Checking crit (58032 / 58032)...0 marked (0.002 s)
Refinement result (0 iterations): 58032 bricks (0.003 s)
-----------------------------------------------------------------------
Refining channels...
FYI: CNarrowChannelRefiner::RefineChannels_PRLL
FYI: m_iteration_count = 0
FYI: level1 statistics:
     level1_cnt_plus[1]=0;		level1_cnt_minus[1]=0
     level1_cnt_plus[2]=0;		level1_cnt_minus[2]=0
     level1_cnt_plus[3]=0;		level1_cnt_minus[3]=0
     level1_cnt_plus[4]=0;		level1_cnt_minus[4]=0
     level1_cnt_plus[5]=0;		level1_cnt_minus[5]=0
     level1_cnt_plus[6]=0;		level1_cnt_minus[6]=0
     level1_cnt_plus[7]=0;		level1_cnt_minus[7]=0
     level1_cnt_plus[8]=0;		level1_cnt_minus[8]=0
     level1_cnt_plus[9]=0;		level1_cnt_minus[9]=0
FYI: level1 statistics:
     level1_cnt_plus[1]=0;		level1_cnt_minus[1]=0
     level1_cnt_plus[2]=0;		level1_cnt_minus[2]=0
     level1_cnt_plus[3]=0;		level1_cnt_minus[3]=0
     level1_cnt_plus[4]=0;		level1_cnt_minus[4]=0
     level1_cnt_plus[5]=0;		level1_cnt_minus[5]=0
     level1_cnt_plus[6]=0;		level1_cnt_minus[6]=0
     level1_cnt_plus[7]=0;		level1_cnt_minus[7]=0
     level1_cnt_plus[8]=0;		level1_cnt_minus[8]=0
     level1_cnt_plus[9]=0;		level1_cnt_minus[9]=0

-----------------------------------------------------------------------
U-shapes refinement...
Refinement input: 58032 bricks
	Checking crit (58032 / 58032)...0 marked (0.007 s)
Refinement result (0 iterations): 58032 bricks (0.007 s)
Collecting and processing rays:
	Adding rays...OK (0.001 s)
	new bricks = 0 / 58032
	new rays   = 0 (x=0, y=0, z=0)
	Processing rays...
		Rays process:  0.000 (0.000) s
		Sort xstacks:  0.000 (0.000) s
		Put xstacks:   0.000 (0.000) s
		Total:         0.000 s
	Correcting rays...
		Total:         0.000 s
	Time (rays): 0.001 s
Capturing (0 / 58032)...OK (0.001 s)
-----------------------------------------------------------------------

-----------------------------------------------------------------------
Equi Distant Refiner:
Equi Distant Refiner takes 0.00 s
-----------------------------------------------------------------------

/-Ray Intersection---------------/ Time	0.001 s
Calls                5031
CorrectRay Calls     0



-----------------------------------------------------------------------
Refining geometries takes 0.152 s
-----------------------------------------------------------------------
-----------------------------------------------------------------------
Memory Working Set Current = 37.49 Mb, Memory Working Set Peak = 37.50 Mb
Memory Private Bytes Current = 38.50 Mb, Memory Private Bytes Peak = 38.50 Mb
Process Threads Number: 10
-----------------------------------------------------------------------
Defect ray count	0
FYI: CNarrowChannelRefiner::RedistributeLevel1_step_1: is started
FYI: CNarrowChannelRefiner::RedistributeLevel1_step_1: is finished (0.001 s)
FYI: level1 statistics:
     level1_cnt_plus[1]=0;		level1_cnt_minus[1]=0
     level1_cnt_plus[2]=0;		level1_cnt_minus[2]=0
     level1_cnt_plus[3]=0;		level1_cnt_minus[3]=0
     level1_cnt_plus[4]=0;		level1_cnt_minus[4]=0
     level1_cnt_plus[5]=0;		level1_cnt_minus[5]=0
     level1_cnt_plus[6]=0;		level1_cnt_minus[6]=0
     level1_cnt_plus[7]=0;		level1_cnt_minus[7]=0
     level1_cnt_plus[8]=0;		level1_cnt_minus[8]=0
     level1_cnt_plus[9]=0;		level1_cnt_minus[9]=0
FYI: CNarrowChannelRefiner::RedistributeLevel1_step_2: is started
FYI: CNarrowChannelRefiner::RedistributeLevel1_step_2: is finished (0.008 s)
FYI: level1 statistics:
     level1_cnt_plus[1]=0;		level1_cnt_minus[1]=0
     level1_cnt_plus[2]=0;		level1_cnt_minus[2]=0
     level1_cnt_plus[3]=0;		level1_cnt_minus[3]=0
     level1_cnt_plus[4]=0;		level1_cnt_minus[4]=0
     level1_cnt_plus[5]=0;		level1_cnt_minus[5]=0
     level1_cnt_plus[6]=0;		level1_cnt_minus[6]=0
     level1_cnt_plus[7]=0;		level1_cnt_minus[7]=0
     level1_cnt_plus[8]=0;		level1_cnt_minus[8]=0
     level1_cnt_plus[9]=0;		level1_cnt_minus[9]=0
FYI: CNarrowChannelRefiner::RedistributeLevel1_step_3: is started
FYI: CNarrowChannelRefiner::RedistributeLevel1_step_3: is finished (0.008 s)
RedistributeLevel1 takes:
FYI: level1 statistics:
     level1_cnt_plus[1]=0;		level1_cnt_minus[1]=0
     level1_cnt_plus[2]=0;		level1_cnt_minus[2]=0
     level1_cnt_plus[3]=0;		level1_cnt_minus[3]=0
     level1_cnt_plus[4]=0;		level1_cnt_minus[4]=0
     level1_cnt_plus[5]=0;		level1_cnt_minus[5]=0
     level1_cnt_plus[6]=0;		level1_cnt_minus[6]=0
     level1_cnt_plus[7]=0;		level1_cnt_minus[7]=0
     level1_cnt_plus[8]=0;		level1_cnt_minus[8]=0
     level1_cnt_plus[9]=0;		level1_cnt_minus[9]=0
-----------------------------------------------------------------------
MSH format builder (Iteration 0)
-----------------------------------------------------------------------
Memory Working Set Current = 38.95 Mb, Memory Working Set Peak = 38.95 Mb
Memory Private Bytes Current = 40.29 Mb, Memory Private Bytes Peak = 40.29 Mb
Process Threads Number: 10
-----------------------------------------------------------------------
Total bricks count: 58032
-----------------------------------------------------------------------
MSH (Real Geometry) format constructor:
	Geom    Count = 2
	Bodyset Count = 2
	3D task
	Getting brick sets...OK (0.005 s)

	Min x-stack xeps = 2
	D / dh / eps [axis=0] = (40, 0.349987, 0.000349987)
	D / dh / eps [axis=1] = (10, 0.322134, 0.000322134)
	D / dh / eps [axis=2] = (15, 0.376921, 0.000376921)
	Time (xeps): 0.001 s
Level 1
Level 0
	Set (0)  size: 29016
	Set (0)  time: 0.036 s
	Set (1)  size: 29016
	Set (1)  time: 0.027 s

	Spread npq bricks...0 marked (0.001 s)

Result:
	Bricks number:                        58032

	Memory usage:                         0.796 MB
	Memory usage (per brick):             0.014 KB
	Construction time:                    0.074 s

	Topology features:
	------------------
	- High quality bricks                  100.00 % (58032)
	- Medium quality bricks                  0.00 % (0)
	- Bad quality bricks                     0.00 % (0)
	- NPQ bricks                             0.00 % (0)
	- Type-1 bricks                          1.16 % (672)
	- Ribs corrected bricks                  0.00 % (0)
	- Points with geom-info (bricks)         0.00 % (0)
	- Points with closest-info (bricks)      0.00 % (0)
	- Triangulated by center (bricks)        0.00 % (0)
	- Facet w-faces mergings (bricks)        0.00 % (0)
	- To refine (bricks)                     0.00 % (0)
	- Points-count                           0.00 % (0)
	- T-self-intersection-all (bricks)       0.00 % (0)
	- T-self-intersection-simple (bricks)    0.00 % (0)
	- T-self-intersection-complex (bricks)   0.00 % (0)
	- NPQ by reason 1 u-shape                0.00 % (0)
	- NPQ by reason 2 tri-by-ctr             0.00 % (0)
	- NPQ by reason 3 ray-correction         0.00 % (0)
	- NPQ by reason 4 t-self-intersection    0.00 % (0)
	- NPQ by reason 5 non-good               0.00 % (0)
	- NPQ by reason 6 npq-worker             0.00 % (0)

-----------------------------------------------------------------------
Memory Working Set Current = 40.96 Mb, Memory Working Set Peak = 40.96 Mb
Memory Private Bytes Current = 41.14 Mb, Memory Private Bytes Peak = 41.14 Mb
Process Threads Number: 10
-----------------------------------------------------------------------
-----------------------------------------------------------------------
msh-iterations: 1
-----------------------------------------------------------------------
high---q-brick-count = 100.00 % (58032 58032)
medium-q-brick-count =   0.00 % (58032 0)
bad----q-brick-count =   0.00 % (58032 0)
np-----q-brick-count =   0.00 % (58032 0)
-----------------------------------------------------------------------
Free brick parser storage...OK(0.000 s)
-----------------------------------------------------------------------
Memory Working Set Current = 41.00 Mb, Memory Working Set Peak = 41.01 Mb
Memory Private Bytes Current = 41.14 Mb, Memory Private Bytes Peak = 41.14 Mb
Process Threads Number: 10
-----------------------------------------------------------------------
-----------------------------------------------------------------------
MSH --> BCF format (Iteration 0)...
BCF collector...(remove mode=0)
	Time (alloc counter per brick): 0.001 s
	Brick    count: 58032
	Av.f all count: 57408
	Av.s all count: 1296
	Av.f pid count: 672
	Av.s pid count: 672
	Faces fs count: 804
	Faces ff count: 0
	Faces ss count: 0
	Faces bb count: 0
	Faces fe count: 9536
	Faces se count: 48
	Faces fw count: 10388
	Faces af count: 167184
	Faces as count: 3462
	Time (all count): 	0.015 s
	Time (bcf alloc): 	0.001 s
	Time (shifts alloc): 	0.003 s
	Time (shifts init): 	0.003 s
	Time (bcf fill): 	0.026 s
	Time (add av to faces): 0.001 s
	Time (add faces to av): 0.010 s
Time (bcf collect): 		0.066 s
	AV checker...
		Hole marker...
			Subdomains:               1.
			Subdomains (cond):        1.
			Time (sd):      0.016 s.
			Time (sd_cond): 0.011 s.
			Time (potential-hole marking): 	0.001 s
			Time (hole checking): 0.000 s.
			0 av(s) are marked to fill subdomain holes.
		Time (hole marker): 0.031 s.
	Time (check av): 	0.066 s
	Subdomain checker...
		Subdomains construction time: 0.009 s.
		Subdomains sort time: 0.000 s.
			Subdomain 0 (geom_ind=0): 57408 av
			Subdomain 1 (geom_ind=1): 1296 av
		gi: 0, real bodies: 1
		gi: 0, subdomains:  1
		gi: 1, real bodies: 0
		gi: 1, subdomains:  1
		Defect subdomains: 0
	Time (check subdoms): 	0.010 s
Time (bcf iteration total): 	0.144 s
	Time (fw-nb): 		0.001 s
	Fixed mutual fw-nb:     688 (bb: 0)
	Time (fw-nb mutual): 	0.001 s
	Time (fw-nb sort): 	0.000 s
	Time (fw-nb): 		0.006 s
	Fixed mutual fw-nb:     20794 (bb: 0)
	Time (fw-nb mutual): 	0.002 s
	Time (fw-nb sort): 	0.000 s
	Time (rfd fix): 	0.000 s
	Time (av convexity): 	0.001 s
	Time (av small volume): 0.001 s
	Time (diagonal fw-nb): 	0.012 s
	Fixed mutual fw-nb:     0 (bb: 0)
	Time (fw-nb mutual): 	0.002 s
	Time (fw-nb sort): 	0.000 s
	Fluid subdomains: 1
	Faces fw-nb diff sd:    0
	Time (fw-nb diff sd): 	0.010 s
Time (bcf calc): 		0.042 s
-----------------------------------------------------------------------
Time (bcf total): 		0.186 s
-----------------------------------------------------------------------
bcf-iterations: 1
-----------------------------------------------------------------------
-----------------------------------------------------------------------
Mega-cv constructor for fluid...
	 0 av's is treated as thin
Relative size generator (threshold = 0.05)...
	Iteration 1 (small cluster count = 0)
	 0 mega-cv's generated
	 0 mega-cv's removed
Relative size generator is completed OK (0.003 s)
Apply fa-rules to mega-cv clusters fixes...
OK (0.000 s)
Convert clusters:
	 0 mega-cv's total
Mega-cv count: 0
Time (mega-cv fill): 	0.000 s
Time (mega-cv total): 	0.010 s
-----------------------------------------------------------------------
Mixing plane rotation regions: NO.
Sliding mesh rotation regions: NO.
Fluid/fluid faces: NO.
-----------------------------------------------------------------------
Memory Working Set Current = 54.27 Mb, Memory Working Set Peak = 65.48 Mb
Memory Private Bytes Current = 55.45 Mb, Memory Private Bytes Peak = 66.82 Mb
Process Threads Number: 10
-----------------------------------------------------------------------
----------------------------------------------------------
BCF --> BCF.GEOMSUBDOM (bridge arrays):
MESH (0):
	Fluid Subdom Constructor: 1 subdom(s).
	Solid Subdom Constructor: 1 subdom(s).
	Net Asm Subdom Constructor: 0 subdom(s).
	GEOMSUBDOM (0): gi=0 Fluid av=57408 cv=57408 fa=167184 fb=0 fw=10340 V=5.960000e+03
	Cache data...OK
	GEOMSUBDOM (1): gi=1 Solid av=1296 cv=1296 fa=3462 fb=0 fw=852 V=4.000000e+01
	Cache data...OK
	Setting nb of w-faces...OK (0.002 s).
	Correcting nb of w-faces...
	Time(correct_fw_nb)=0.003 s

MESH (0) checking:
	GEOMSUBDOM (0):fa_s=37806.0000000000218279 fb_s=0.0000000000000000 fw_s=2380.0000000000000000 fw_nb=82688
	              :d_const(23505)=2.934e-17 d_linear(19950)=6.05007e-15
	GEOMSUBDOM (1):fa_s=344.0000000000000000 fb_s=0.0000000000000000 fw_s=88.0000000000000000 fw_nb=6556
	              :d_const(1295)=7.36749e-17 d_linear(1288)=1.80626e-14
MESH (0) checking: OK.
Time (MDS): 	0.076 s
----------------------------------------------------------
-----------------------------------------------------------------------
Memory Working Set Current = 73.83 Mb, Memory Working Set Peak = 73.83 Mb
Memory Private Bytes Current = 74.24 Mb, Memory Private Bytes Peak = 74.24 Mb
Process Threads Number: 10
-----------------------------------------------------------------------

-----------------------------------------------------------------------
BCF CHECKSUM DATA (Mesh 0):

BRICK |Level1| Sum:               0
FACE_A Area Sum:   G.Fluid        37806.0000000000145519
FACE_A Area Sum:   G.Solid        344.0000000000000000
FACE_W Area Sum:                  2384.0000000000000000
FACE_W Nb   Sum:                  82908
FACE_W min curvatures sum:        0.00000000
FACE_W max curvatures sum:        0.00000000
AV Max Disbalance(Const) :        6.54639e-17 (cid=42925, t={42, 32, 52}, avid=58703, pid=671)
AV Max Disbalance(Linear):        1.80626e-14 (cid=42922, t={36, 32, 52}, avid=58700, pid=668)
-----------------------------------------------------------------------


-----------------------------------------------------------------------
MESHER TOPOLOGY DATA:

BRICKS: Total                 58032
BRICKS: Fluid                 57408
BRICKS: Fluid Partial         672
BRICKS: Type 1                672
BRICKS: Max AV number         2

AV:     G.Total               58704
AV:     G.Fluid               57408
AV:     G.Solid               1296

AV:     G.Fluid Thin Profile    0.00 % (0)
AV:     G.Solid Thin Profile    0.00 % (0)

AV:     G.Fluid Thin For Mega   0.00 % (0)
AV:     G.Solid Thin For Mega   0.00 % (0)

AV:     G.Fluid Non-Convex      0.22 % (128)
AV:     G.Solid Non-Convex      0.00 % (0)

AV:     G.Fluid Non-Ess-Convex      0.22 % (128)
AV:     G.Solid Non-Ess-Convex      0.00 % (0)

FACE_A: G.Fluid          (af) 167184 (partially opened 1330)
FACE_A: G.Solid          (as) 3462 (partially opened 1330)

FACE_B: G.Total          (b)  0

FACE_W: G.Total                 10388       Brick/Bound
FACE_W: G.Fluid/Solid    (fs_g) 804         0           
FACE_W: G.Fluid/Fluid    (ff_g) 0           0           
FACE_W: G.Solid/Solid    (ss_g) 0           0           
FACE_W: G.Fluid/Void     (fv_g) 0           0           
FACE_W: G.Fluid/External (fe_g) 9536
FACE_W: G.Solid/External (se_g) 48

AV/CV max fa count (on brick side):1
AV/CV max fw count:                1
AV/CV max fb count:                0
AV/CV max fw poly count:           3

MEMORY: Total                   17.273 MB
MEMORY: Per Brick               0.305 KB
-----------------------------------------------------------------------

-----------------------------------------------------------------------
Connectivities information:
	Number of conns: 0
-----------------------------------------------------------------------
	Time (gap size): 	0.001 s
-----------------------------------------------------------------------
Memory Working Set Current = 73.97 Mb, Memory Working Set Peak = 73.98 Mb
Memory Private Bytes Current = 74.24 Mb, Memory Private Bytes Peak = 74.24 Mb
Process Threads Number: 10
-----------------------------------------------------------------------
-----------------------------------------------------------------------
Calculating curvature and tolerance criteria...
Curvature: min=0 (cid=0) max=1.5708 (cid=574)
Tolerance: min=0 (cid=0) max=0.191632 (cid=636)
Calculating curvature and tolerance criteria takes 0.002 s
-----------------------------------------------------------------------
MESH Build(FS) finished. Time=0.617 s
-----------------------------------------------------------------------
Current CPU = 0 sec

Nx=62
Ny=26
Nz=36
Max BRICK Level=0
Mesh Level=1
-----------------CModelBodies2MeshMapper::CollectData started -------------------------------
	Time (collect mesh base data): 0.001 s.
	Time (collect model bodies mapping): 0.000 s.
	Time (collect positive bodies mapping): 0.000 s.
	Time (collect fluid bodies mapping): 0.000 s.
-----------------CModelBodies2MeshMapper Report -------------------------------
FluidDomains 1 SolidDomains 1 VoidDomains 0 
Domains RefIndexes
----------------- -------------------------------
	ModelBodies
Total resolved Bodies 0 BodySets 0

--------------------------------------------------------------------------
	Positive geometry Bodies
Total resolved Bodies 1 BodySets 1
BodySet 0
	Bodies list:
			#0	Name: ;	ID: 81ab53df-c3ad-4dbb-8284-2c7f502b665a
	Domains list:mesh type	 (0, 1)		 0 


--------------------------------------------------------------------------
	Fluid regions
Total resolved Bodies 1 BodySets 1
BodySet 0	Material: 空気; 
	Bodies list:
			#0	Name: ;	ID: 81ab53df-c3ad-4dbb-8284-2c7f502b665a
	Domains list:mesh type	 (0, 1)		 0 


--------------------------------------------------------------------------
Collect data takes...0.002 s
-----------------CModelBodies2MeshMapper::CollectData finished successfully-------------------
Saving initial mesh in: C:\Users\sinohara\Desktop\lesson16\1\1.fld .
Storing results...
	Estimated CPT size=6.337 MB.
	Time (write bcf): 0.160 s
Storing results takes 0.171 s
-----------------------------------------------------------------------
Memory Working Set Current = 74.30 Mb, Memory Working Set Peak = 74.31 Mb
Memory Private Bytes Current = 74.24 Mb, Memory Private Bytes Peak = 74.24 Mb
Process Threads Number: 10
-----------------------------------------------------------------------
Cleaning memory...
-----------------------------------------------------------------------
Start to free mesher data...
MMP (msh): locals=1, allc_sz=7.82 MB, used_sz=7.09 MB, blks-min-max=26/26
MMP (brx): locals=4, allc_sz=7.86 MB, used_sz=7.21 MB, blks-min-max=16/19
MMP (bcf): locals=4, allc_sz=25.15 MB, used_sz=24.21 MB, blks-min-max=14/38
MMP (xsl): locals=4, allc_sz=0.06 MB, used_sz=0.03 MB, blks-min-max=1/1
Free xsl...            OK	Time=0.000 s
Free ray collector...  OK	Time=0.000 s
Free ray intersector...OK	Time=0.000 s
Free body sets...      OK	Time=0.000 s
Free Geometry DB takes 0.000 s
Free mesh conn...      OK	Time=0.000 s
Free geomsd...         OK	Time=0.000 s
Free mbricks...        OK	Time=0.001 s
Free hash info...      OK	Time=0.001 s
Free bricks-x...       OK	Time=0.001 s
Free bcf...            OK	Time=0.004 s
Free mesh h...         OK	Time=0.000 s
Free bricks arr..      OK	Time=0.000 s
Free bricks tree...    OK	Time=0.000 s
Free mesh pools...     OK	Time=0.004 s
Free bodies mapper...  OK	Time=0.000 s
Free geom crits...     OK	Time=0.000 s
Free cpt regions...    OK	Time=0.000 s
Free peculiar surfs... OK	Time=0.000 s
Free sw-geometries...  OK	Time=0.000 s
Total free mesher data time: 0.014 s
-----------------------------------------------------------------------
Copying... OK
CPT size=1.654 MB (1734038 bytes).
Mesh generation normally finished at	17.12.2025	15:23:46
Mesher CPU = 0 sec
Mesher is finished at	17.12.2025	15:23:46
-----------------------------------------------------------------------
Memory Working Set Current = 27.76 Mb, Memory Working Set Peak = 74.31 Mb
Memory Private Bytes Current = 26.50 Mb, Memory Private Bytes Peak = 74.24 Mb
Process Threads Number: 10
-----------------------------------------------------------------------
Algebra Pool      : mem_usage = 1.81 Mb, allocated count = 0
-----------------------------------------------------------------------
Memory Working Set Current = 26.36 Mb, Memory Working Set Peak = 74.31 Mb
Memory Private Bytes Current = 24.75 Mb, Memory Private Bytes Peak = 74.24 Mb
Process Threads Number: 10
Process Threads Number Peak: 10
-----------------------------------------------------------------------
Log ended at 17.12.2025	15:23:46
